// Jest Snapshot v1, https://goo.gl/fbAQLP

exports[`getAppointmentsKML renders KML for the retrieved list of appointments 1`] = `
"<?xml version=\\"1.0\\" encoding=\\"UTF-8\\"?>
<kml xmlns=\\"http://www.opengis.net/kml/2.2\\">
    <Document>
        <Style id=\\"install\\">
    <IconStyle>
        <scale>0.75</scale> 
        <Icon>
            <href>https://i.imgur.com/4baif2L.png</href>
        </Icon>
        <hotSpot xunits=\\"fraction\\" yunits=\\"fraction\\" x=\\"0.5\\" y=\\"0.5\\"></hotSpot>
    </IconStyle>
    <LabelStyle>
        <scale>0</scale>
    </LabelStyle>
</Style>,<Style id=\\"support\\">
    <IconStyle>
        <scale>0.75</scale> 
        <Icon>
            <href>https://i.imgur.com/qVRzBlS.png</href>
        </Icon>
        <hotSpot xunits=\\"fraction\\" yunits=\\"fraction\\" x=\\"0.5\\" y=\\"0.5\\"></hotSpot>
    </IconStyle>
    <LabelStyle>
        <scale>0</scale>
    </LabelStyle>
</Style>,<Style id=\\"survey\\">
    <IconStyle>
        <scale>0.75</scale> 
        <Icon>
            <href>https://i.imgur.com/4baif2L.png</href>
        </Icon>
        <hotSpot xunits=\\"fraction\\" yunits=\\"fraction\\" x=\\"0.5\\" y=\\"0.5\\"></hotSpot>
    </IconStyle>
    <LabelStyle>
        <scale>0</scale>
    </LabelStyle>
</Style>,
<Placemark>
    <name>Install - Fri, Dec 4</name>
    <ExtendedData>
        <Data name=\\"Type\\">
    <value>Install</value>
</Data>
        <Data name=\\"Date\\">
    <value>Fri, Dec 4</value>
</Data>
        <Data name=\\"Hour\\">
    <value>6:00 PM</value>
</Data>
        <Data name=\\"Links\\">
    <value><a href=\\"https://support.nycmesh.net/scp/tickets.php?a=search&amp;query=1810\\" style=\\"margin-right: 1rem;\\">Ticket →</a></value>
</Data>
    </ExtendedData>
    <Point>
        <altitudeMode>absolute</altitudeMode>
        <coordinates>-73.9403011,40.7253199,25</coordinates>
    </Point>
    <styleUrl>#install</styleUrl>
</Placemark>,
<Placemark>
    <name>Install - Thu, Oct 1</name>
    <ExtendedData>
        <Data name=\\"Type\\">
    <value>Install</value>
</Data>
        <Data name=\\"Date\\">
    <value>Thu, Oct 1</value>
</Data>
        <Data name=\\"Hour\\">
    <value>2:00 PM</value>
</Data>
        <Data name=\\"Links\\">
    <value><a href=\\"https://support.nycmesh.net/scp/tickets.php?a=search&amp;query=1811\\" style=\\"margin-right: 1rem;\\">Ticket →</a></value>
</Data>
    </ExtendedData>
    <Point>
        <altitudeMode>absolute</altitudeMode>
        <coordinates>-73.9404138,40.7253234,21</coordinates>
    </Point>
    <styleUrl>#install</styleUrl>
</Placemark>
    </Document>
</kml>"
`;
