// Jest Snapshot v1, https://goo.gl/fbAQLP

exports[`getLosKML renders KML for line-of-sight from a request to other nodes 1`] = `
"<?xml version=\\"1.0\\" encoding=\\"UTF-8\\"?>
<kml xmlns=\\"http://www.opengis.net/kml/2.2\\">
    <Document>
        <Style id=\\"losLink\\">
    <LineStyle>
        <color>7700ff00</color>
        <width>2.5</width>
    </LineStyle>
    <PolyStyle>
        <color>00000000</color>
    </PolyStyle>
</Style>,<Folder><name>7059</name>
<Placemark>
    <name>Line of Sight</name>
    <LineString>
        <altitudeMode>absolute</altitudeMode>
        <coordinates>-74.0032029,40.7413549,95 -73.98809299999999,40.719778,72</coordinates>
    </LineString>
    <styleUrl>#losLink</styleUrl>
</Placemark>
	</Folder>
    </Document>
</kml>"
`;
