// Jest Snapshot v1, https://goo.gl/fbAQLP

exports[`getNodesKML generates KML for all the nodes 1`] = `
"<?xml version=\\"1.0\\" encoding=\\"UTF-8\\"?>
<kml xmlns=\\"http://www.opengis.net/kml/2.2\\">
    <Document>
        <Style id=\\"supernode\\">
    <IconStyle>
        <scale>0.6</scale> 
        <Icon>
            <href>https://i.imgur.com/GFd364p.png</href>
        </Icon>
        <hotSpot xunits=\\"fraction\\" yunits=\\"fraction\\" x=\\"0.5\\" y=\\"0.5\\"></hotSpot>
    </IconStyle>
    <LabelStyle>
        <scale>0</scale>
    </LabelStyle>
</Style>,<Style id=\\"hub\\">
    <IconStyle>
        <scale>0.6</scale> 
        <Icon>
            <href>https://i.imgur.com/dsizT9e.png</href>
        </Icon>
        <hotSpot xunits=\\"fraction\\" yunits=\\"fraction\\" x=\\"0.5\\" y=\\"0.5\\"></hotSpot>
    </IconStyle>
    <LabelStyle>
        <scale>0</scale>
    </LabelStyle>
</Style>,<Style id=\\"omni\\">
    <IconStyle>
        <scale>0.6</scale> 
        <Icon>
            <href>https://i.imgur.com/dsizT9e.png</href>
        </Icon>
        <hotSpot xunits=\\"fraction\\" yunits=\\"fraction\\" x=\\"0.5\\" y=\\"0.5\\"></hotSpot>
    </IconStyle>
    <LabelStyle>
        <scale>0</scale>
    </LabelStyle>
</Style>,<Style id=\\"node\\">
    <IconStyle>
        <scale>0.5</scale> 
        <Icon>
            <href>https://i.imgur.com/OBBZi9E.png</href>
        </Icon>
        <hotSpot xunits=\\"fraction\\" yunits=\\"fraction\\" x=\\"0.5\\" y=\\"0.5\\"></hotSpot>
    </IconStyle>
    <LabelStyle>
        <scale>0</scale>
    </LabelStyle>
</Style>,<Style id=\\"hubLink\\">
    <LineStyle>
        <color>ff00ffff</color>
        <width>3</width>
    </LineStyle>
    <PolyStyle>
        <color>00000000</color>
    </PolyStyle>
</Style>,<Style id=\\"backboneLink\\">
    <LineStyle>
        <color>ff00ffff</color>
        <width>3</width>
    </LineStyle>
    <PolyStyle>
        <color>00000000</color>
    </PolyStyle>
</Style>,<Style id=\\"activeLink\\">
    <LineStyle>
        <color>ff0000ff</color>
        <width>3</width>
    </LineStyle>
    <PolyStyle>
        <color>00000000</color>
    </PolyStyle>
</Style>,<Folder>
					<name>7290</name>
					<Placemark>
	<name>Node 7290</name>
		<ExtendedData>
		
		<Data name=\\"Status\\">
    <value>active</value>
</Data>
		<Data name=\\"Installed\\">
    <value>Sun Nov 08 2020</value>
</Data>
		<Data name=\\"Devices\\">
    <value>Omni</value>
</Data>
		<Data name=\\"Notes\\">
    <value>Omni port 3</value>
</Data>
		<Data name=\\"Links\\">
    <value><a href=\\"https://dashboard.nycmesh.net/requests/7290\\" style=\\"margin-right: 1rem;\\">Dashboard →</a> <a href=\\"https://support.nycmesh.net/scp/tickets.php?a=search&amp;query=7290\\" style=\\"margin-right: 1rem;\\">Tickets →</a></value>
</Data>
		<Data name=\\"Panos\\">
    <value><img src=\\"https://node-db.netlify.com/panoramas/5547.jpg\\" style=\\"width: 32rem; display: block;\\" /><img src=\\"https://node-db.netlify.com/panoramas/7347.jpg\\" style=\\"width: 32rem; display: block;\\" /><img src=\\"https://node-db.netlify.com/panoramas/7347a.jpg\\" style=\\"width: 32rem; display: block;\\" /></value>
</Data>
	</ExtendedData>
	<Point>
		<altitudeMode>absolute</altitudeMode>
		<coordinates>-73.9945616,40.7171001,35</coordinates>
	</Point>
	<styleUrl>#omni</styleUrl>
</Placemark>
					
				</Folder>
    </Document>
</kml>"
`;
