// Jest Snapshot v1, https://goo.gl/fbAQLP

exports[`getRequestsKML renders KML for current install requests 1`] = `
"<?xml version=\\"1.0\\" encoding=\\"UTF-8\\"?>
<kml xmlns=\\"http://www.opengis.net/kml/2.2\\">
    <Document>
        <Style id=\\"request\\">
    <IconStyle>
        <scale>0.5</scale> 
        <Icon>
            <href>https://i.imgur.com/oVFMyJU.png</href>
        </Icon>
        <hotSpot xunits=\\"fraction\\" yunits=\\"fraction\\" x=\\"0.5\\" y=\\"0.5\\"></hotSpot>
    </IconStyle>
    <LabelStyle>
        <scale>0</scale>
    </LabelStyle>
</Style>,<Style id=\\"panoRequest\\">
    <IconStyle>
        <scale>0.5</scale> 
        <Icon>
            <href>https://i.imgur.com/uj6HMxZ.png</href>
        </Icon>
        <hotSpot xunits=\\"fraction\\" yunits=\\"fraction\\" x=\\"0.5\\" y=\\"0.5\\"></hotSpot>
    </IconStyle>
    <LabelStyle>
        <scale>0</scale>
    </LabelStyle>
</Style>,
<Placemark>
	<name>7059</name>
	<ExtendedData>
		<Data name=\\"ID\\">
    <value>7059</value>
</Data>
		<Data name=\\"Date\\">
    <value>Fri Sep 18 2020</value>
</Data>
		<Data name=\\"Roof\\">
    <value>Yes</value>
</Data>
		<Data name=\\"Links\\">
    <value><a href=\\"https://dashboard.nycmesh.net/requests/7059\\" style=\\"margin-right: 1rem;\\">Dashboard →</a> <a href=\\"https://support.nycmesh.net/scp/tickets.php?a=search&amp;query=7059\\" style=\\"margin-right: 1rem;\\">Tickets →</a></value>
</Data>
		<Data name=\\"Panos\\">
    <value></value>
</Data>
	</ExtendedData>
	<Point>
		<altitudeMode>absolute</altitudeMode>
		<coordinates>-73.9428339,40.6604126,32</coordinates>
	</Point>
	<styleUrl>#request</styleUrl>
</Placemark>,
<Placemark>
	<name>7060</name>
	<ExtendedData>
		<Data name=\\"ID\\">
    <value>7060</value>
</Data>
		<Data name=\\"Date\\">
    <value>Sun Oct 18 2020</value>
</Data>
		<Data name=\\"Roof\\">
    <value>No</value>
</Data>
		<Data name=\\"Links\\">
    <value><a href=\\"https://dashboard.nycmesh.net/requests/7060\\" style=\\"margin-right: 1rem;\\">Dashboard →</a> <a href=\\"https://support.nycmesh.net/scp/tickets.php?a=search&amp;query=7060\\" style=\\"margin-right: 1rem;\\">Tickets →</a></value>
</Data>
		<Data name=\\"Panos\\">
    <value></value>
</Data>
	</ExtendedData>
	<Point>
		<altitudeMode>absolute</altitudeMode>
		<coordinates>-72.9428339,41.6604126,33</coordinates>
	</Point>
	<styleUrl>#request</styleUrl>
</Placemark>
    </Document>
</kml>"
`;
